Component: ARM Compiler 5.06 update 6 (build 750) Tool: armlink [4d35ed]

==============================================================================

Section Cross References

    startup_lpc17xx.o(RESET) refers to startup_lpc17xx.o(STACK) for __initial_sp
    startup_lpc17xx.o(RESET) refers to startup_lpc17xx.o(.text) for Reset_Handler
    startup_lpc17xx.o(RESET) refers to irq.o(.text) for SysTick_Handler
    startup_lpc17xx.o(RESET) refers to usbdmain.o(.text) for TIMER0_IRQHandler
    startup_lpc17xx.o(RESET) refers to usbhw.o(.text) for USB_IRQHandler
    startup_lpc17xx.o(.text) refers to system_lpc17xx.o(.text) for SystemInit
    startup_lpc17xx.o(.text) refers to entry.o(.ARM.Collect$$$$00000000) for __main
    system_lpc17xx.o(.text) refers to uldiv.o(.text) for __aeabi_uldivmod
    system_lpc17xx.o(.text) refers to system_lpc17xx.o(.data) for SystemCoreClock
    blinky.o(.text) refers to glcd_spi_lpc1700.o(.text) for GLCD_Clear
    blinky.o(.text) refers to kbd.o(.text) for get_button
    blinky.o(.text) refers to gallery.o(.text) for gallery
    blinky.o(.text) refers to usbdmain.o(.text) for mp3_player
    blinky.o(.text) refers to game_menu.o(.text) for restart_game_menu
    blinky.o(.text) refers to led.o(.text) for LED_Init
    irq.o(.text) refers to irq.o(.data) for ticks
    glcd_spi_lpc1700.o(.text) refers to glcd_spi_lpc1700.o(.data) for Himax
    glcd_spi_lpc1700.o(.text) refers to glcd_spi_lpc1700.o(.constdata) for Font_6x8_h
    led.o(.text) refers to led.o(.constdata) for led_mask
    usbcore.o(.text) refers to usbhw.o(.text) for USB_ReadEP
    usbcore.o(.text) refers to usbcore.o(i.USB_ReqGetStatus) for USB_ReqGetStatus
    usbcore.o(.text) refers to usbcore.o(i.USB_ReqSetClrFeature) for USB_ReqSetClrFeature
    usbcore.o(.text) refers to usbcore.o(i.USB_ReqGetDescriptor) for USB_ReqGetDescriptor
    usbcore.o(.text) refers to usbcore.o(i.USB_ReqSetConfiguration) for USB_ReqSetConfiguration
    usbcore.o(.text) refers to usbcore.o(i.USB_ReqSetInterface) for USB_ReqSetInterface
    usbcore.o(.text) refers to adcuser.o(.text) for ADC_IF_GetRequest
    usbcore.o(.text) refers to usbcore.o(.data) for USB_DeviceStatus
    usbcore.o(.text) refers to usbcore.o(.bss) for EP0Buf
    usbdmain.o(.text) refers to kbd.o(.text) for get_button
    usbdmain.o(.text) refers to usbhw.o(.text) for USB_Connect
    usbdmain.o(.text) refers to system_lpc17xx.o(.text) for SystemClockUpdate
    usbdmain.o(.text) refers to glcd_spi_lpc1700.o(.text) for GLCD_Bitmap
    usbdmain.o(.text) refers to usbdmain.o(.data) for PotVal
    usbdmain.o(.text) refers to adcuser.o(.data) for VolCur
    usbdmain.o(.text) refers to system_lpc17xx.o(.data) for SystemFrequency
    usbdmain.o(.text) refers to usbdmain.o(.constdata) for SPLASH_pixel_data
    usbhw.o(.text) refers to usbhw.o(.data) for DDMemMap
    usbhw.o(.text) refers to usbhw.o(.bss) for udca
    usbhw.o(.text) refers to usbhw.o(USB_RAM) for UDCA
    usbhw.o(.text) refers to usbcore.o(.data) for USB_DeviceStatus
    usbhw.o(.text) refers to usbuser.o(.text) for USB_Reset_Event
    usbhw.o(.text) refers to usbhw.o(.constdata) for DDAdr
    usbhw.o(.text) refers to usbuser.o(.constdata) for USB_P_EP
    usbuser.o(.text) refers to usbcore.o(.text) for USB_ResetCore
    usbuser.o(.text) refers to usbhw.o(.text) for USB_DMA_BufAdr
    usbuser.o(.text) refers to usbdmain.o(.data) for DataBuf
    usbuser.o(.constdata) refers to usbcore.o(.text) for USB_EndPoint0
    usbuser.o(.constdata) refers to usbuser.o(.text) for USB_EndPoint3
    adcuser.o(.text) refers to usbcore.o(.data) for SetupPacket
    adcuser.o(.text) refers to usbdmain.o(.data) for Mute
    adcuser.o(.text) refers to usbcore.o(.bss) for EP0Buf
    adcuser.o(.text) refers to adcuser.o(.data) for VolCur
    gallery.o(.text) refers to glcd_spi_lpc1700.o(.text) for GLCD_Clear
    gallery.o(.text) refers to kbd.o(.text) for get_button
    gallery.o(.text) refers to gallery.o(.constdata) for CARRIAGES_pixel_data
    game.o(.text) refers to rand.o(.text) for rand
    game.o(.text) refers to glcd_spi_lpc1700.o(.text) for GLCD_SetBackColor
    game.o(.text) refers to printf1.o(i.__0sprintf$1) for __2sprintf
    game.o(.text) refers to kbd.o(.text) for get_button
    game.o(.text) refers to game.o(.data) for bird_col
    tic_tac.o(.text) refers to glcd_spi_lpc1700.o(.text) for GLCD_DisplayChar
    tic_tac.o(.text) refers to kbd.o(.text) for get_button
    tic_tac.o(.text) refers to tic_tac.o(.bss) for grid
    game_menu.o(.text) refers to glcd_spi_lpc1700.o(.text) for GLCD_Clear
    game_menu.o(.text) refers to kbd.o(.text) for get_button
    game_menu.o(.text) refers to tic_tac.o(.text) for tic_tac
    game_menu.o(.text) refers to game.o(.text) for start_flappy
    entry.o(.ARM.Collect$$$$00000000) refers (Special) to entry10a.o(.ARM.Collect$$$$0000000D) for __rt_final_cpp
    entry.o(.ARM.Collect$$$$00000000) refers (Special) to entry11a.o(.ARM.Collect$$$$0000000F) for __rt_final_exit
    entry.o(.ARM.Collect$$$$00000000) refers (Special) to entry7b.o(.ARM.Collect$$$$00000008) for _main_clock
    entry.o(.ARM.Collect$$$$00000000) refers (Special) to entry8b.o(.ARM.Collect$$$$0000000A) for _main_cpp_init
    entry.o(.ARM.Collect$$$$00000000) refers (Special) to entry9a.o(.ARM.Collect$$$$0000000B) for _main_init
    entry.o(.ARM.Collect$$$$00000000) refers (Special) to entry5.o(.ARM.Collect$$$$00000004) for _main_scatterload
    entry.o(.ARM.Collect$$$$00000000) refers (Special) to entry2.o(.ARM.Collect$$$$00000001) for _main_stk
    uldiv.o(.text) refers to llushr.o(.text) for __aeabi_llsr
    uldiv.o(.text) refers to llshl.o(.text) for __aeabi_llsl
    rand.o(.text) refers to rand.o(.data) for .data
    printfb.o(i.__0fprintf$bare) refers to printfb.o(i._printf_core) for _printf_core
    printfb.o(i.__0fprintf$bare) refers to fputc.o(i.fputc) for fputc
    printfb.o(i.__0printf$bare) refers to printfb.o(i._printf_core) for _printf_core
    printfb.o(i.__0printf$bare) refers to fputc.o(i.fputc) for fputc
    printfb.o(i.__0printf$bare) refers to stdout.o(.data) for __stdout
    printfb.o(i.__0snprintf$bare) refers to printfb.o(i._printf_core) for _printf_core
    printfb.o(i.__0snprintf$bare) refers to printfb.o(i._snputc) for _snputc
    printfb.o(i.__0sprintf$bare) refers to printfb.o(i._printf_core) for _printf_core
    printfb.o(i.__0sprintf$bare) refers to printfb.o(i._sputc) for _sputc
    printfb.o(i.__0vfprintf$bare) refers to printfb.o(i._printf_core) for _printf_core
    printfb.o(i.__0vfprintf$bare) refers to fputc.o(i.fputc) for fputc
    printfb.o(i.__0vprintf$bare) refers to printfb.o(i._printf_core) for _printf_core
    printfb.o(i.__0vprintf$bare) refers to fputc.o(i.fputc) for fputc
    printfb.o(i.__0vprintf$bare) refers to stdout.o(.data) for __stdout
    printfb.o(i.__0vsnprintf$bare) refers to printfb.o(i._printf_core) for _printf_core
    printfb.o(i.__0vsnprintf$bare) refers to printfb.o(i._snputc) for _snputc
    printfb.o(i.__0vsprintf$bare) refers to printfb.o(i._printf_core) for _printf_core
    printfb.o(i.__0vsprintf$bare) refers to printfb.o(i._sputc) for _sputc
    printf0.o(i.__0fprintf$0) refers to printf0.o(i._printf_core) for _printf_core
    printf0.o(i.__0fprintf$0) refers to fputc.o(i.fputc) for fputc
    printf0.o(i.__0printf$0) refers to printf0.o(i._printf_core) for _printf_core
    printf0.o(i.__0printf$0) refers to fputc.o(i.fputc) for fputc
    printf0.o(i.__0printf$0) refers to stdout.o(.data) for __stdout
    printf0.o(i.__0snprintf$0) refers to printf0.o(i._printf_core) for _printf_core
    printf0.o(i.__0snprintf$0) refers to printf0.o(i._snputc) for _snputc
    printf0.o(i.__0sprintf$0) refers to printf0.o(i._printf_core) for _printf_core
    printf0.o(i.__0sprintf$0) refers to printf0.o(i._sputc) for _sputc
    printf0.o(i.__0vfprintf$0) refers to printf0.o(i._printf_core) for _printf_core
    printf0.o(i.__0vfprintf$0) refers to fputc.o(i.fputc) for fputc
    printf0.o(i.__0vprintf$0) refers to printf0.o(i._printf_core) for _printf_core
    printf0.o(i.__0vprintf$0) refers to fputc.o(i.fputc) for fputc
    printf0.o(i.__0vprintf$0) refers to stdout.o(.data) for __stdout
    printf0.o(i.__0vsnprintf$0) refers to printf0.o(i._printf_core) for _printf_core
    printf0.o(i.__0vsnprintf$0) refers to printf0.o(i._snputc) for _snputc
    printf0.o(i.__0vsprintf$0) refers to printf0.o(i._printf_core) for _printf_core
    printf0.o(i.__0vsprintf$0) refers to printf0.o(i._sputc) for _sputc
    printf1.o(i.__0fprintf$1) refers to printf1.o(i._printf_core) for _printf_core
    printf1.o(i.__0fprintf$1) refers to fputc.o(i.fputc) for fputc
    printf1.o(i.__0printf$1) refers to printf1.o(i._printf_core) for _printf_core
    printf1.o(i.__0printf$1) refers to fputc.o(i.fputc) for fputc
    printf1.o(i.__0printf$1) refers to stdout.o(.data) for __stdout
    printf1.o(i.__0snprintf$1) refers to printf1.o(i._printf_core) for _printf_core
    printf1.o(i.__0snprintf$1) refers to printf1.o(i._snputc) for _snputc
    printf1.o(i.__0sprintf$1) refers to printf1.o(i._printf_core) for _printf_core
    printf1.o(i.__0sprintf$1) refers to printf1.o(i._sputc) for _sputc
    printf1.o(i.__0vfprintf$1) refers to printf1.o(i._printf_core) for _printf_core
    printf1.o(i.__0vfprintf$1) refers to fputc.o(i.fputc) for fputc
    printf1.o(i.__0vprintf$1) refers to printf1.o(i._printf_core) for _printf_core
    printf1.o(i.__0vprintf$1) refers to fputc.o(i.fputc) for fputc
    printf1.o(i.__0vprintf$1) refers to stdout.o(.data) for __stdout
    printf1.o(i.__0vsnprintf$1) refers to printf1.o(i._printf_core) for _printf_core
    printf1.o(i.__0vsnprintf$1) refers to printf1.o(i._snputc) for _snputc
    printf1.o(i.__0vsprintf$1) refers to printf1.o(i._printf_core) for _printf_core
    printf1.o(i.__0vsprintf$1) refers to printf1.o(i._sputc) for _sputc
    printf1.o(i._printf_core) refers to uidiv.o(.text) for __aeabi_uidivmod
    printf2.o(i.__0fprintf$2) refers to printf2.o(i._printf_core) for _printf_core
    printf2.o(i.__0fprintf$2) refers to fputc.o(i.fputc) for fputc
    printf2.o(i.__0printf$2) refers to printf2.o(i._printf_core) for _printf_core
    printf2.o(i.__0printf$2) refers to fputc.o(i.fputc) for fputc
    printf2.o(i.__0printf$2) refers to stdout.o(.data) for __stdout
    printf2.o(i.__0snprintf$2) refers to printf2.o(i._printf_core) for _printf_core
    printf2.o(i.__0snprintf$2) refers to printf2.o(i._snputc) for _snputc
    printf2.o(i.__0sprintf$2) refers to printf2.o(i._printf_core) for _printf_core
    printf2.o(i.__0sprintf$2) refers to printf2.o(i._sputc) for _sputc
    printf2.o(i.__0vfprintf$2) refers to printf2.o(i._printf_core) for _printf_core
    printf2.o(i.__0vfprintf$2) refers to fputc.o(i.fputc) for fputc
    printf2.o(i.__0vprintf$2) refers to printf2.o(i._printf_core) for _printf_core
    printf2.o(i.__0vprintf$2) refers to fputc.o(i.fputc) for fputc
    printf2.o(i.__0vprintf$2) refers to stdout.o(.data) for __stdout
    printf2.o(i.__0vsnprintf$2) refers to printf2.o(i._printf_core) for _printf_core
    printf2.o(i.__0vsnprintf$2) refers to printf2.o(i._snputc) for _snputc
    printf2.o(i.__0vsprintf$2) refers to printf2.o(i._printf_core) for _printf_core
    printf2.o(i.__0vsprintf$2) refers to printf2.o(i._sputc) for _sputc
    printf3.o(i.__0fprintf$3) refers to printf3.o(i._printf_core) for _printf_core
    printf3.o(i.__0fprintf$3) refers to fputc.o(i.fputc) for fputc
    printf3.o(i.__0printf$3) refers to printf3.o(i._printf_core) for _printf_core
    printf3.o(i.__0printf$3) refers to fputc.o(i.fputc) for fputc
    printf3.o(i.__0printf$3) refers to stdout.o(.data) for __stdout
    printf3.o(i.__0snprintf$3) refers to printf3.o(i._printf_core) for _printf_core
    printf3.o(i.__0snprintf$3) refers to printf3.o(i._snputc) for _snputc
    printf3.o(i.__0sprintf$3) refers to printf3.o(i._printf_core) for _printf_core
    printf3.o(i.__0sprintf$3) refers to printf3.o(i._sputc) for _sputc
    printf3.o(i.__0vfprintf$3) refers to printf3.o(i._printf_core) for _printf_core
    printf3.o(i.__0vfprintf$3) refers to fputc.o(i.fputc) for fputc
    printf3.o(i.__0vprintf$3) refers to printf3.o(i._printf_core) for _printf_core
    printf3.o(i.__0vprintf$3) refers to fputc.o(i.fputc) for fputc
    printf3.o(i.__0vprintf$3) refers to stdout.o(.data) for __stdout
    printf3.o(i.__0vsnprintf$3) refers to printf3.o(i._printf_core) for _printf_core
    printf3.o(i.__0vsnprintf$3) refers to printf3.o(i._snputc) for _snputc
    printf3.o(i.__0vsprintf$3) refers to printf3.o(i._printf_core) for _printf_core
    printf3.o(i.__0vsprintf$3) refers to printf3.o(i._sputc) for _sputc
    printf3.o(i._printf_core) refers to uidiv.o(.text) for __aeabi_uidivmod
    printf4.o(i.__0fprintf$4) refers to printf4.o(i._printf_core) for _printf_core
    printf4.o(i.__0fprintf$4) refers to fputc.o(i.fputc) for fputc
    printf4.o(i.__0printf$4) refers to printf4.o(i._printf_core) for _printf_core
    printf4.o(i.__0printf$4) refers to fputc.o(i.fputc) for fputc
    printf4.o(i.__0printf$4) refers to stdout.o(.data) for __stdout
    printf4.o(i.__0snprintf$4) refers to printf4.o(i._printf_core) for _printf_core
    printf4.o(i.__0snprintf$4) refers to printf4.o(i._snputc) for _snputc
    printf4.o(i.__0sprintf$4) refers to printf4.o(i._printf_core) for _printf_core
    printf4.o(i.__0sprintf$4) refers to printf4.o(i._sputc) for _sputc
    printf4.o(i.__0vfprintf$4) refers to printf4.o(i._printf_core) for _printf_core
    printf4.o(i.__0vfprintf$4) refers to fputc.o(i.fputc) for fputc
    printf4.o(i.__0vprintf$4) refers to printf4.o(i._printf_core) for _printf_core
    printf4.o(i.__0vprintf$4) refers to fputc.o(i.fputc) for fputc
    printf4.o(i.__0vprintf$4) refers to stdout.o(.data) for __stdout
    printf4.o(i.__0vsnprintf$4) refers to printf4.o(i._printf_core) for _printf_core
    printf4.o(i.__0vsnprintf$4) refers to printf4.o(i._snputc) for _snputc
    printf4.o(i.__0vsprintf$4) refers to printf4.o(i._printf_core) for _printf_core
    printf4.o(i.__0vsprintf$4) refers to printf4.o(i._sputc) for _sputc
    printf4.o(i._printf_core) refers to uldiv.o(.text) for __aeabi_uldivmod
    printf5.o(i.__0fprintf$5) refers to printf5.o(i._printf_core) for _printf_core
    printf5.o(i.__0fprintf$5) refers to fputc.o(i.fputc) for fputc
    printf5.o(i.__0printf$5) refers to printf5.o(i._printf_core) for _printf_core
    printf5.o(i.__0printf$5) refers to fputc.o(i.fputc) for fputc
    printf5.o(i.__0printf$5) refers to stdout.o(.data) for __stdout
    printf5.o(i.__0snprintf$5) refers to printf5.o(i._printf_core) for _printf_core
    printf5.o(i.__0snprintf$5) refers to printf5.o(i._snputc) for _snputc
    printf5.o(i.__0sprintf$5) refers to printf5.o(i._printf_core) for _printf_core
    printf5.o(i.__0sprintf$5) refers to printf5.o(i._sputc) for _sputc
    printf5.o(i.__0vfprintf$5) refers to printf5.o(i._printf_core) for _printf_core
    printf5.o(i.__0vfprintf$5) refers to fputc.o(i.fputc) for fputc
    printf5.o(i.__0vprintf$5) refers to printf5.o(i._printf_core) for _printf_core
    printf5.o(i.__0vprintf$5) refers to fputc.o(i.fputc) for fputc
    printf5.o(i.__0vprintf$5) refers to stdout.o(.data) for __stdout
    printf5.o(i.__0vsnprintf$5) refers to printf5.o(i._printf_core) for _printf_core
    printf5.o(i.__0vsnprintf$5) refers to printf5.o(i._snputc) for _snputc
    printf5.o(i.__0vsprintf$5) refers to printf5.o(i._printf_core) for _printf_core
    printf5.o(i.__0vsprintf$5) refers to printf5.o(i._sputc) for _sputc
    printf5.o(i._printf_core) refers to uldiv.o(.text) for __aeabi_uldivmod
    printf6.o(i.__0fprintf$6) refers to printf6.o(i._printf_core) for _printf_core
    printf6.o(i.__0fprintf$6) refers to fputc.o(i.fputc) for fputc
    printf6.o(i.__0printf$6) refers to printf6.o(i._printf_core) for _printf_core
    printf6.o(i.__0printf$6) refers to fputc.o(i.fputc) for fputc
    printf6.o(i.__0printf$6) refers to stdout.o(.data) for __stdout
    printf6.o(i.__0snprintf$6) refers to printf6.o(i._printf_core) for _printf_core
    printf6.o(i.__0snprintf$6) refers to printf6.o(i._snputc) for _snputc
    printf6.o(i.__0sprintf$6) refers to printf6.o(i._printf_core) for _printf_core
    printf6.o(i.__0sprintf$6) refers to printf6.o(i._sputc) for _sputc
    printf6.o(i.__0vfprintf$6) refers to printf6.o(i._printf_core) for _printf_core
    printf6.o(i.__0vfprintf$6) refers to fputc.o(i.fputc) for fputc
    printf6.o(i.__0vprintf$6) refers to printf6.o(i._printf_core) for _printf_core
    printf6.o(i.__0vprintf$6) refers to fputc.o(i.fputc) for fputc
    printf6.o(i.__0vprintf$6) refers to stdout.o(.data) for __stdout
    printf6.o(i.__0vsnprintf$6) refers to printf6.o(i._printf_core) for _printf_core
    printf6.o(i.__0vsnprintf$6) refers to printf6.o(i._snputc) for _snputc
    printf6.o(i.__0vsprintf$6) refers to printf6.o(i._printf_core) for _printf_core
    printf6.o(i.__0vsprintf$6) refers to printf6.o(i._sputc) for _sputc
    printf6.o(i._printf_core) refers to printf6.o(i._printf_pre_padding) for _printf_pre_padding
    printf6.o(i._printf_core) refers to uidiv.o(.text) for __aeabi_uidivmod
    printf6.o(i._printf_core) refers to printf6.o(i._printf_post_padding) for _printf_post_padding
    printf7.o(i.__0fprintf$7) refers to printf7.o(i._printf_core) for _printf_core
    printf7.o(i.__0fprintf$7) refers to fputc.o(i.fputc) for fputc
    printf7.o(i.__0printf$7) refers to printf7.o(i._printf_core) for _printf_core
    printf7.o(i.__0printf$7) refers to fputc.o(i.fputc) for fputc
    printf7.o(i.__0printf$7) refers to stdout.o(.data) for __stdout
    printf7.o(i.__0snprintf$7) refers to printf7.o(i._printf_core) for _printf_core
    printf7.o(i.__0snprintf$7) refers to printf7.o(i._snputc) for _snputc
    printf7.o(i.__0sprintf$7) refers to printf7.o(i._printf_core) for _printf_core
    printf7.o(i.__0sprintf$7) refers to printf7.o(i._sputc) for _sputc
    printf7.o(i.__0vfprintf$7) refers to printf7.o(i._printf_core) for _printf_core
    printf7.o(i.__0vfprintf$7) refers to fputc.o(i.fputc) for fputc
    printf7.o(i.__0vprintf$7) refers to printf7.o(i._printf_core) for _printf_core
    printf7.o(i.__0vprintf$7) refers to fputc.o(i.fputc) for fputc
    printf7.o(i.__0vprintf$7) refers to stdout.o(.data) for __stdout
    printf7.o(i.__0vsnprintf$7) refers to printf7.o(i._printf_core) for _printf_core
    printf7.o(i.__0vsnprintf$7) refers to printf7.o(i._snputc) for _snputc
    printf7.o(i.__0vsprintf$7) refers to printf7.o(i._printf_core) for _printf_core
    printf7.o(i.__0vsprintf$7) refers to printf7.o(i._sputc) for _sputc
    printf7.o(i._printf_core) refers to printf7.o(i._printf_pre_padding) for _printf_pre_padding
    printf7.o(i._printf_core) refers to uldiv.o(.text) for __aeabi_uldivmod
    printf7.o(i._printf_core) refers to printf7.o(i._printf_post_padding) for _printf_post_padding
    printf8.o(i.__0fprintf$8) refers to printf8.o(i._printf_core) for _printf_core
    printf8.o(i.__0fprintf$8) refers to fputc.o(i.fputc) for fputc
    printf8.o(i.__0printf$8) refers to printf8.o(i._printf_core) for _printf_core
    printf8.o(i.__0printf$8) refers to fputc.o(i.fputc) for fputc
    printf8.o(i.__0printf$8) refers to stdout.o(.data) for __stdout
    printf8.o(i.__0snprintf$8) refers to printf8.o(i._printf_core) for _printf_core
    printf8.o(i.__0snprintf$8) refers to printf8.o(i._snputc) for _snputc
    printf8.o(i.__0sprintf$8) refers to printf8.o(i._printf_core) for _printf_core
    printf8.o(i.__0sprintf$8) refers to printf8.o(i._sputc) for _sputc
    printf8.o(i.__0vfprintf$8) refers to printf8.o(i._printf_core) for _printf_core
    printf8.o(i.__0vfprintf$8) refers to fputc.o(i.fputc) for fputc
    printf8.o(i.__0vprintf$8) refers to printf8.o(i._printf_core) for _printf_core
    printf8.o(i.__0vprintf$8) refers to fputc.o(i.fputc) for fputc
    printf8.o(i.__0vprintf$8) refers to stdout.o(.data) for __stdout
    printf8.o(i.__0vsnprintf$8) refers to printf8.o(i._printf_core) for _printf_core
    printf8.o(i.__0vsnprintf$8) refers to printf8.o(i._snputc) for _snputc
    printf8.o(i.__0vsprintf$8) refers to printf8.o(i._printf_core) for _printf_core
    printf8.o(i.__0vsprintf$8) refers to printf8.o(i._sputc) for _sputc
    printf8.o(i._printf_core) refers to printf8.o(i._printf_pre_padding) for _printf_pre_padding
    printf8.o(i._printf_core) refers to uldiv.o(.text) for __aeabi_uldivmod
    printf8.o(i._printf_core) refers to printf8.o(i._printf_post_padding) for _printf_post_padding
    printfa.o(i.__0fprintf) refers (Special) to iusefp.o(.text) for __I$use$fp
    printfa.o(i.__0fprintf) refers to printfa.o(i._printf_core) for _printf_core
    printfa.o(i.__0fprintf) refers to fputc.o(i.fputc) for fputc
    printfa.o(i.__0printf) refers (Special) to iusefp.o(.text) for __I$use$fp
    printfa.o(i.__0printf) refers to printfa.o(i._printf_core) for _printf_core
    printfa.o(i.__0printf) refers to fputc.o(i.fputc) for fputc
    printfa.o(i.__0printf) refers to stdout.o(.data) for __stdout
    printfa.o(i.__0snprintf) refers (Special) to iusefp.o(.text) for __I$use$fp
    printfa.o(i.__0snprintf) refers to printfa.o(i._printf_core) for _printf_core
    printfa.o(i.__0snprintf) refers to printfa.o(i._snputc) for _snputc
    printfa.o(i.__0sprintf) refers (Special) to iusefp.o(.text) for __I$use$fp
    printfa.o(i.__0sprintf) refers to printfa.o(i._printf_core) for _printf_core
    printfa.o(i.__0sprintf) refers to printfa.o(i._sputc) for _sputc
    printfa.o(i.__0vfprintf) refers (Special) to iusefp.o(.text) for __I$use$fp
    printfa.o(i.__0vfprintf) refers to printfa.o(i._printf_core) for _printf_core
    printfa.o(i.__0vfprintf) refers to fputc.o(i.fputc) for fputc
    printfa.o(i.__0vprintf) refers (Special) to iusefp.o(.text) for __I$use$fp
    printfa.o(i.__0vprintf) refers to printfa.o(i._printf_core) for _printf_core
    printfa.o(i.__0vprintf) refers to fputc.o(i.fputc) for fputc
    printfa.o(i.__0vprintf) refers to stdout.o(.data) for __stdout
    printfa.o(i.__0vsnprintf) refers (Special) to iusefp.o(.text) for __I$use$fp
    printfa.o(i.__0vsnprintf) refers to printfa.o(i._printf_core) for _printf_core
    printfa.o(i.__0vsnprintf) refers to printfa.o(i._snputc) for _snputc
    printfa.o(i.__0vsprintf) refers (Special) to iusefp.o(.text) for __I$use$fp
    printfa.o(i.__0vsprintf) refers to printfa.o(i._printf_core) for _printf_core
    printfa.o(i.__0vsprintf) refers to printfa.o(i._sputc) for _sputc
    printfa.o(i._fp_digits) refers (Special) to iusefp.o(.text) for __I$use$fp
    printfa.o(i._fp_digits) refers to dmul.o(.text) for __aeabi_dmul
    printfa.o(i._fp_digits) refers to ddiv.o(.text) for __aeabi_ddiv
    printfa.o(i._fp_digits) refers to cdrcmple.o(.text) for __aeabi_cdrcmple
    printfa.o(i._fp_digits) refers to dadd.o(.text) for __aeabi_dadd
    printfa.o(i._fp_digits) refers to dfixul.o(.text) for __aeabi_d2ulz
    printfa.o(i._fp_digits) refers to uldiv.o(.text) for __aeabi_uldivmod
    printfa.o(i._printf_core) refers (Special) to iusefp.o(.text) for __I$use$fp
    printfa.o(i._printf_core) refers to printfa.o(i._printf_pre_padding) for _printf_pre_padding
    printfa.o(i._printf_core) refers to uldiv.o(.text) for __aeabi_uldivmod
    printfa.o(i._printf_core) refers to printfa.o(i._printf_post_padding) for _printf_post_padding
    printfa.o(i._printf_core) refers to printfa.o(i._fp_digits) for _fp_digits
    printfa.o(i._printf_core) refers to uidiv.o(.text) for __aeabi_uidivmod
    printfa.o(i._printf_post_padding) refers (Special) to iusefp.o(.text) for __I$use$fp
    printfa.o(i._printf_pre_padding) refers (Special) to iusefp.o(.text) for __I$use$fp
    printfa.o(i._snputc) refers (Special) to iusefp.o(.text) for __I$use$fp
    printfa.o(i._sputc) refers (Special) to iusefp.o(.text) for __I$use$fp
    entry2.o(.ARM.Collect$$$$00000001) refers to entry2.o(.ARM.Collect$$$$00002712) for __lit__00000000
    entry2.o(.ARM.Collect$$$$00002712) refers to startup_lpc17xx.o(STACK) for __initial_sp
    entry2.o(__vectab_stack_and_reset_area) refers to startup_lpc17xx.o(STACK) for __initial_sp
    entry2.o(__vectab_stack_and_reset_area) refers to entry.o(.ARM.Collect$$$$00000000) for __main
    entry5.o(.ARM.Collect$$$$00000004) refers to init.o(.text) for __scatterload
    entry9a.o(.ARM.Collect$$$$0000000B) refers to blinky.o(.text) for main
    entry9b.o(.ARM.Collect$$$$0000000C) refers to blinky.o(.text) for main
    fputc.o(i.fputc) refers (Special) to iusesemip.o(.text) for __I$use$semihosting$fputc
    fputc.o(i.fputc) refers (Special) to semi.o(.text) for __semihosting_library_function
    dadd.o(.text) refers to llshl.o(.text) for __aeabi_llsl
    dadd.o(.text) refers to llsshr.o(.text) for __aeabi_lasr
    dadd.o(.text) refers to depilogue.o(.text) for _double_epilogue
    dmul.o(.text) refers to depilogue.o(.text) for _double_epilogue
    ddiv.o(.text) refers to depilogue.o(.text) for _double_round
    dfixul.o(.text) refers to llushr.o(.text) for __aeabi_llsr
    dfixul.o(.text) refers to llshl.o(.text) for __aeabi_llsl
    init.o(.text) refers to entry5.o(.ARM.Collect$$$$00000004) for __main_after_scatterload
    depilogue.o(.text) refers to llshl.o(.text) for __aeabi_llsl
    depilogue.o(.text) refers to llushr.o(.text) for __aeabi_llsr
    usbcore.o(i.USB_ReqGetStatus) refers to usbcore.o(.data) for SetupPacket
    usbcore.o(i.USB_ReqGetStatus) refers to usbcore.o(.bss) for EP0Buf
    usbcore.o(i.USB_ReqSetClrFeature) refers to usbhw.o(.text) for USB_WakeUpCfg
    usbcore.o(i.USB_ReqSetClrFeature) refers to usbcore.o(.data) for SetupPacket
    usbcore.o(i.USB_ReqGetDescriptor) refers to usbcore.o(.data) for SetupPacket
    usbcore.o(i.USB_ReqGetDescriptor) refers to usbdesc.o(.constdata) for USB_DeviceDescriptor
    usbcore.o(i.USB_ReqSetConfiguration) refers to usbhw.o(.text) for USB_DisableEP
    usbcore.o(i.USB_ReqSetConfiguration) refers to usbcore.o(.data) for SetupPacket
    usbcore.o(i.USB_ReqSetConfiguration) refers to usbdesc.o(.constdata) for USB_ConfigDescriptor
    usbcore.o(i.USB_ReqSetInterface) refers to usbhw.o(.text) for USB_ConfigEP
    usbcore.o(i.USB_ReqSetInterface) refers to usbcore.o(.data) for SetupPacket
    usbcore.o(i.USB_ReqSetInterface) refers to usbdesc.o(.constdata) for USB_ConfigDescriptor


==============================================================================

Removing Unused input sections from the image.

    Removing startup_lpc17xx.o(HEAP), (0 bytes).
    Removing core_cm3.o(.emb_text), (32 bytes).
    Removing adcuser.o(.constdata), (6 bytes).
    Removing kbd.o(.data), (4 bytes).
    Removing reputation.o(.constdata), (45301 bytes).
    Removing carriages.o(.constdata), (45001 bytes).
    Removing lover_album.o(.constdata), (45001 bytes).
    Removing splash_screen.o(.constdata), (102601 bytes).
    Removing dadd.o(.text), (334 bytes).
    Removing dmul.o(.text), (228 bytes).
    Removing ddiv.o(.text), (222 bytes).
    Removing dfixul.o(.text), (48 bytes).
    Removing cdrcmple.o(.text), (48 bytes).
    Removing depilogue.o(.text), (186 bytes).

14 unused section(s) (total 239012 bytes) removed from the image.

==============================================================================

Image Symbol Table

    Local Symbols

    Symbol Name                              Value     Ov Type        Size  Object(Section)

    RESET                                    0x00000000   Section      204  startup_lpc17xx.o(RESET)
    ../clib/microlib/division.c              0x00000000   Number         0  uidiv.o ABSOLUTE
    ../clib/microlib/division.c              0x00000000   Number         0  uldiv.o ABSOLUTE
    ../clib/microlib/init/entry.s            0x00000000   Number         0  entry11a.o ABSOLUTE
    ../clib/microlib/init/entry.s            0x00000000   Number         0  entry.o ABSOLUTE
    ../clib/microlib/init/entry.s            0x00000000   Number         0  entry8b.o ABSOLUTE
    ../clib/microlib/init/entry.s            0x00000000   Number         0  entry2.o ABSOLUTE
    ../clib/microlib/init/entry.s            0x00000000   Number         0  entry5.o ABSOLUTE
    ../clib/microlib/init/entry.s            0x00000000   Number         0  entry7a.o ABSOLUTE
    ../clib/microlib/init/entry.s            0x00000000   Number         0  entry7b.o ABSOLUTE
    ../clib/microlib/init/entry.s            0x00000000   Number         0  entry11b.o ABSOLUTE
    ../clib/microlib/init/entry.s            0x00000000   Number         0  entry8a.o ABSOLUTE
    ../clib/microlib/init/entry.s            0x00000000   Number         0  entry10b.o ABSOLUTE
    ../clib/microlib/init/entry.s            0x00000000   Number         0  entry10a.o ABSOLUTE
    ../clib/microlib/init/entry.s            0x00000000   Number         0  entry9b.o ABSOLUTE
    ../clib/microlib/init/entry.s            0x00000000   Number         0  entry9a.o ABSOLUTE
    ../clib/microlib/longlong.c              0x00000000   Number         0  llushr.o ABSOLUTE
    ../clib/microlib/longlong.c              0x00000000   Number         0  llshl.o ABSOLUTE
    ../clib/microlib/longlong.c              0x00000000   Number         0  llsshr.o ABSOLUTE
    ../clib/microlib/printf/printf.c         0x00000000   Number         0  printfa.o ABSOLUTE
    ../clib/microlib/printf/printf.c         0x00000000   Number         0  printf8.o ABSOLUTE
    ../clib/microlib/printf/printf.c         0x00000000   Number         0  printf7.o ABSOLUTE
    ../clib/microlib/printf/printf.c         0x00000000   Number         0  printf6.o ABSOLUTE
    ../clib/microlib/printf/printf.c         0x00000000   Number         0  printf5.o ABSOLUTE
    ../clib/microlib/printf/printf.c         0x00000000   Number         0  printf0.o ABSOLUTE
    ../clib/microlib/printf/printf.c         0x00000000   Number         0  printf4.o ABSOLUTE
    ../clib/microlib/printf/printf.c         0x00000000   Number         0  printf3.o ABSOLUTE
    ../clib/microlib/printf/printf.c         0x00000000   Number         0  printfb.o ABSOLUTE
    ../clib/microlib/printf/printf.c         0x00000000   Number         0  printf1.o ABSOLUTE
    ../clib/microlib/printf/printf.c         0x00000000   Number         0  printf2.o ABSOLUTE
    ../clib/microlib/printf/stubs.s          0x00000000   Number         0  stubs.o ABSOLUTE
    ../clib/microlib/stdio/fputc.c           0x00000000   Number         0  fputc.o ABSOLUTE
    ../clib/microlib/stdio/semi.s            0x00000000   Number         0  semi.o ABSOLUTE
    ../clib/microlib/stdio/streams.c         0x00000000   Number         0  stdout.o ABSOLUTE
    ../clib/microlib/stdlib/rand.c           0x00000000   Number         0  rand.o ABSOLUTE
    ../clib/microlib/stubs.s                 0x00000000   Number         0  iusefp.o ABSOLUTE
    ../clib/microlib/stubs.s                 0x00000000   Number         0  iusesemip.o ABSOLUTE
    ../fplib/microlib/fpadd.c                0x00000000   Number         0  dadd.o ABSOLUTE
    ../fplib/microlib/fpdiv.c                0x00000000   Number         0  ddiv.o ABSOLUTE
    ../fplib/microlib/fpepilogue.c           0x00000000   Number         0  depilogue.o ABSOLUTE
    ../fplib/microlib/fpfix.c                0x00000000   Number         0  dfixul.o ABSOLUTE
    ../fplib/microlib/fpmul.c                0x00000000   Number         0  dmul.o ABSOLUTE
    Blinky.c                                 0x00000000   Number         0  blinky.o ABSOLUTE
    GLCD_SPI_LPC1700.c                       0x00000000   Number         0  glcd_spi_lpc1700.o ABSOLUTE
    IRQ.c                                    0x00000000   Number         0  irq.o ABSOLUTE
    KBD.c                                    0x00000000   Number         0  kbd.o ABSOLUTE
    LED.c                                    0x00000000   Number         0  led.o ABSOLUTE
    adcuser.c                                0x00000000   Number         0  adcuser.o ABSOLUTE
    carriages.c                              0x00000000   Number         0  carriages.o ABSOLUTE
    cdrcmple.s                               0x00000000   Number         0  cdrcmple.o ABSOLUTE
    core_cm3.c                               0x00000000   Number         0  core_cm3.o ABSOLUTE
    core_cm3.c                               0x00000000   Number         0  core_cm3.o ABSOLUTE
    dc.s                                     0x00000000   Number         0  dc.o ABSOLUTE
    gallery.c                                0x00000000   Number         0  gallery.o ABSOLUTE
    game.c                                   0x00000000   Number         0  game.o ABSOLUTE
    game_menu.c                              0x00000000   Number         0  game_menu.o ABSOLUTE
    handlers.s                               0x00000000   Number         0  handlers.o ABSOLUTE
    init.s                                   0x00000000   Number         0  init.o ABSOLUTE
    lover_album.c                            0x00000000   Number         0  lover_album.o ABSOLUTE
    reputation.c                             0x00000000   Number         0  reputation.o ABSOLUTE
    splash_screen.c                          0x00000000   Number         0  splash_screen.o ABSOLUTE
    startup_LPC17xx.s                        0x00000000   Number         0  startup_lpc17xx.o ABSOLUTE
    system_LPC17xx.c                         0x00000000   Number         0  system_lpc17xx.o ABSOLUTE
    tic_tac.c                                0x00000000   Number         0  tic_tac.o ABSOLUTE
    usbcore.c                                0x00000000   Number         0  usbcore.o ABSOLUTE
    usbdesc.c                                0x00000000   Number         0  usbdesc.o ABSOLUTE
    usbdmain.c                               0x00000000   Number         0  usbdmain.o ABSOLUTE
    usbhw.c                                  0x00000000   Number         0  usbhw.o ABSOLUTE
    usbuser.c                                0x00000000   Number         0  usbuser.o ABSOLUTE
    .ARM.Collect$$$$00000000                 0x000000cc   Section        0  entry.o(.ARM.Collect$$$$00000000)
    .ARM.Collect$$$$00000001                 0x000000cc   Section        4  entry2.o(.ARM.Collect$$$$00000001)
    .ARM.Collect$$$$00000004                 0x000000d0   Section        4  entry5.o(.ARM.Collect$$$$00000004)
    .ARM.Collect$$$$00000008                 0x000000d4   Section        0  entry7b.o(.ARM.Collect$$$$00000008)
    .ARM.Collect$$$$0000000A                 0x000000d4   Section        0  entry8b.o(.ARM.Collect$$$$0000000A)
    .ARM.Collect$$$$0000000B                 0x000000d4   Section        8  entry9a.o(.ARM.Collect$$$$0000000B)
    .ARM.Collect$$$$0000000D                 0x000000dc   Section        0  entry10a.o(.ARM.Collect$$$$0000000D)
    .ARM.Collect$$$$0000000F                 0x000000dc   Section        0  entry11a.o(.ARM.Collect$$$$0000000F)
    .ARM.Collect$$$$00002712                 0x000000dc   Section        4  entry2.o(.ARM.Collect$$$$00002712)
    __lit__00000000                          0x000000dc   Data           4  entry2.o(.ARM.Collect$$$$00002712)
    .text                                    0x000000e0   Section       36  startup_lpc17xx.o(.text)
    .text                                    0x00000104   Section        0  irq.o(.text)
    .text                                    0x00000180   Section        0  led.o(.text)
    .text                                    0x0000022c   Section        0  kbd.o(.text)
    .text                                    0x00000288   Section        0  uldiv.o(.text)
    i.__scatterload_copy                     0x000002ea   Section       14  handlers.o(i.__scatterload_copy)
    i.__scatterload_null                     0x000002f8   Section        2  handlers.o(i.__scatterload_null)
    .ARM.__at_0x02FC                         0x000002fc   Section        4  startup_lpc17xx.o(.ARM.__at_0x02FC)
    .text                                    0x00000300   Section        0  system_lpc17xx.o(.text)
    .text                                    0x00000728   Section        0  blinky.o(.text)
    .text                                    0x00000954   Section        0  glcd_spi_lpc1700.o(.text)
    delay                                    0x00000955   Thumb Code    14  glcd_spi_lpc1700.o(.text)
    spi_tran_man                             0x00000963   Thumb Code   124  glcd_spi_lpc1700.o(.text)
    wr_cmd                                   0x000009df   Thumb Code    36  glcd_spi_lpc1700.o(.text)
    wr_dat                                   0x00000a03   Thumb Code    36  glcd_spi_lpc1700.o(.text)
    rd_reg                                   0x00000a27   Thumb Code    66  glcd_spi_lpc1700.o(.text)
    rd_id_man                                0x00000a69   Thumb Code   132  glcd_spi_lpc1700.o(.text)
    spi_tran                                 0x0000147f   Thumb Code    28  glcd_spi_lpc1700.o(.text)
    wr_dat_start                             0x0000149b   Thumb Code    16  glcd_spi_lpc1700.o(.text)
    wr_dat_stop                              0x000014ab   Thumb Code     8  glcd_spi_lpc1700.o(.text)
    wr_dat_only                              0x000014b3   Thumb Code    18  glcd_spi_lpc1700.o(.text)
    wr_reg                                   0x000014c5   Thumb Code    20  glcd_spi_lpc1700.o(.text)
    .text                                    0x000014f0   Section        0  usbcore.o(.text)
    .text                                    0x000018cc   Section        0  usbdmain.o(.text)
    NVIC_DisableIRQ                          0x00001b23   Thumb Code    18  usbdmain.o(.text)
    .text                                    0x00001bbc   Section        0  usbhw.o(.text)
    .text                                    0x00002444   Section        0  usbuser.o(.text)
    .text                                    0x00002524   Section        0  adcuser.o(.text)
    .text                                    0x0000260c   Section        0  gallery.o(.text)
    .text                                    0x00002738   Section        0  game.o(.text)
    .text                                    0x00002c84   Section        0  tic_tac.o(.text)
    .text                                    0x00003248   Section        0  game_menu.o(.text)
    .text                                    0x00003428   Section        0  rand.o(.text)
    .text                                    0x0000344c   Section        0  uidiv.o(.text)
    .text                                    0x00003478   Section        0  llshl.o(.text)
    .text                                    0x00003496   Section        0  llushr.o(.text)
    .text                                    0x000034b8   Section       36  init.o(.text)
    i.USB_ReqGetDescriptor                   0x000034dc   Section        0  usbcore.o(i.USB_ReqGetDescriptor)
    i.USB_ReqGetStatus                       0x00003594   Section        0  usbcore.o(i.USB_ReqGetStatus)
    i.USB_ReqSetClrFeature                   0x00003654   Section        0  usbcore.o(i.USB_ReqSetClrFeature)
    i.USB_ReqSetConfiguration                0x00003740   Section        0  usbcore.o(i.USB_ReqSetConfiguration)
    i.USB_ReqSetInterface                    0x000038f8   Section        0  usbcore.o(i.USB_ReqSetInterface)
    i.__0sprintf$1                           0x00003a28   Section        0  printf1.o(i.__0sprintf$1)
    i.__scatterload_zeroinit                 0x00003a50   Section       14  handlers.o(i.__scatterload_zeroinit)
    i._printf_core                           0x00003a60   Section        0  printf1.o(i._printf_core)
    _printf_core                             0x00003a61   Thumb Code   336  printf1.o(i._printf_core)
    i._sputc                                 0x00003bb4   Section        0  printf1.o(i._sputc)
    _sputc                                   0x00003bb5   Thumb Code    10  printf1.o(i._sputc)
    .constdata                               0x00003bbe   Section     6272  glcd_spi_lpc1700.o(.constdata)
    .constdata                               0x00005440   Section       32  led.o(.constdata)
    .constdata                               0x00005460   Section      228  usbdesc.o(.constdata)
    .constdata                               0x00005544   Section    102601  usbdmain.o(.constdata)
    SPLASH_pixel_data                        0x00005544   Data       102601  usbdmain.o(.constdata)
    .constdata                               0x0001e610   Section       16  usbhw.o(.constdata)
    .constdata                               0x0001e620   Section       64  usbuser.o(.constdata)
    .constdata                               0x0001e660   Section    135303  gallery.o(.constdata)
    CARRIAGES_pixel_data                     0x0001e660   Data       45001  gallery.o(.constdata)
    REPUTATION_pixel_data                    0x00029629   Data       45301  gallery.o(.constdata)
    LOVER_pixel_data                         0x0003471e   Data       45001  gallery.o(.constdata)
    .data                                    0x10000000   Section        8  system_lpc17xx.o(.data)
    .data                                    0x10000008   Section        7  irq.o(.data)
    .data                                    0x10000010   Section       40  usbcore.o(.data)
    .data                                    0x10000038   Section        8  usbhw.o(.data)
    .data                                    0x10000040   Section        4  rand.o(.data)
    _rand_state                              0x10000040   Data           4  rand.o(.data)
    .bss                                     0x10000044   Section       64  usbcore.o(.bss)
    .bss                                     0x10000084   Section       36  tic_tac.o(.bss)
    USB_RAM                                  0x100000a8   Section      544  usbhw.o(USB_RAM)
    .data                                    0x2007c000   Section        5  glcd_spi_lpc1700.o(.data)
    Color                                    0x2007c000   Data           4  glcd_spi_lpc1700.o(.data)
    Himax                                    0x2007c004   Data           1  glcd_spi_lpc1700.o(.data)
    .data                                    0x2007c008   Section       36  usbdmain.o(.data)
    .data                                    0x2007c02c   Section        2  adcuser.o(.data)
    .data                                    0x2007c030   Section       28  game.o(.data)
    .bss                                     0x2007c04c   Section      128  usbhw.o(.bss)
    STACK                                    0x2007c0d0   Section      512  startup_lpc17xx.o(STACK)

    Global Symbols

    Symbol Name                              Value     Ov Type        Size  Object(Section)

    BuildAttributes$$THM_ISAv4$P$D$K$B$S$PE$A:L22UL41UL21$X:L11$S22US41US21$IEEE1$IW$USESV6$~STKCKD$USESV7$~SHL$OSPACE$ROPI$EBA8$MICROLIB$REQ8$PRES8$EABIv2 0x00000000   Number         0  anon$$obj.o ABSOLUTE
    __ARM_use_no_argv                        0x00000000   Number         0  blinky.o ABSOLUTE
    __Vectors                                0x00000000   Data           4  startup_lpc17xx.o(RESET)
    _printf_a                                0x00000000   Number         0  stubs.o ABSOLUTE
    _printf_c                                0x00000000   Number         0  stubs.o ABSOLUTE
    _printf_charcount                        0x00000000   Number         0  stubs.o ABSOLUTE
    _printf_d                                0x00000000   Number         0  stubs.o ABSOLUTE
    _printf_e                                0x00000000   Number         0  stubs.o ABSOLUTE
    _printf_f                                0x00000000   Number         0  stubs.o ABSOLUTE
    _printf_flags                            0x00000000   Number         0  stubs.o ABSOLUTE
    _printf_fp_dec                           0x00000000   Number         0  stubs.o ABSOLUTE
    _printf_fp_hex                           0x00000000   Number         0  stubs.o ABSOLUTE
    _printf_g                                0x00000000   Number         0  stubs.o ABSOLUTE
    _printf_i                                0x00000000   Number         0  stubs.o ABSOLUTE
    _printf_int_dec                          0x00000000   Number         0  stubs.o ABSOLUTE
    _printf_l                                0x00000000   Number         0  stubs.o ABSOLUTE
    _printf_lc                               0x00000000   Number         0  stubs.o ABSOLUTE
    _printf_ll                               0x00000000   Number         0  stubs.o ABSOLUTE
    _printf_lld                              0x00000000   Number         0  stubs.o ABSOLUTE
    _printf_lli                              0x00000000   Number         0  stubs.o ABSOLUTE
    _printf_llo                              0x00000000   Number         0  stubs.o ABSOLUTE
    _printf_llu                              0x00000000   Number         0  stubs.o ABSOLUTE
    _printf_llx                              0x00000000   Number         0  stubs.o ABSOLUTE
    _printf_longlong_dec                     0x00000000   Number         0  stubs.o ABSOLUTE
    _printf_longlong_hex                     0x00000000   Number         0  stubs.o ABSOLUTE
    _printf_longlong_oct                     0x00000000   Number         0  stubs.o ABSOLUTE
    _printf_ls                               0x00000000   Number         0  stubs.o ABSOLUTE
    _printf_mbtowc                           0x00000000   Number         0  stubs.o ABSOLUTE
    _printf_n                                0x00000000   Number         0  stubs.o ABSOLUTE
    _printf_o                                0x00000000   Number         0  stubs.o ABSOLUTE
    _printf_p                                0x00000000   Number         0  stubs.o ABSOLUTE
    _printf_percent                          0x00000000   Number         0  stubs.o ABSOLUTE
    _printf_pre_padding                      0x00000000   Number         0  stubs.o ABSOLUTE
    _printf_return_value                     0x00000000   Number         0  stubs.o ABSOLUTE
    _printf_s                                0x00000000   Number         0  stubs.o ABSOLUTE
    _printf_sizespec                         0x00000000   Number         0  stubs.o ABSOLUTE
    _printf_str                              0x00000000   Number         0  stubs.o ABSOLUTE
    _printf_truncate_signed                  0x00000000   Number         0  stubs.o ABSOLUTE
    _printf_truncate_unsigned                0x00000000   Number         0  stubs.o ABSOLUTE
    _printf_u                                0x00000000   Number         0  stubs.o ABSOLUTE
    _printf_wc                               0x00000000   Number         0  stubs.o ABSOLUTE
    _printf_wctomb                           0x00000000   Number         0  stubs.o ABSOLUTE
    _printf_widthprec                        0x00000000   Number         0  stubs.o ABSOLUTE
    _printf_x                                0x00000000   Number         0  stubs.o ABSOLUTE
    __cpp_initialize__aeabi_                  - Undefined Weak Reference
    __cxa_finalize                            - Undefined Weak Reference
    __decompress                              - Undefined Weak Reference
    _clock_init                               - Undefined Weak Reference
    _microlib_exit                            - Undefined Weak Reference
    __main                                   0x000000cd   Thumb Code     0  entry.o(.ARM.Collect$$$$00000000)
    _main_stk                                0x000000cd   Thumb Code     0  entry2.o(.ARM.Collect$$$$00000001)
    _main_scatterload                        0x000000d1   Thumb Code     0  entry5.o(.ARM.Collect$$$$00000004)
    __main_after_scatterload                 0x000000d5   Thumb Code     0  entry5.o(.ARM.Collect$$$$00000004)
    _main_clock                              0x000000d5   Thumb Code     0  entry7b.o(.ARM.Collect$$$$00000008)
    _main_cpp_init                           0x000000d5   Thumb Code     0  entry8b.o(.ARM.Collect$$$$0000000A)
    _main_init                               0x000000d5   Thumb Code     0  entry9a.o(.ARM.Collect$$$$0000000B)
    __rt_final_cpp                           0x000000dd   Thumb Code     0  entry10a.o(.ARM.Collect$$$$0000000D)
    __rt_final_exit                          0x000000dd   Thumb Code     0  entry11a.o(.ARM.Collect$$$$0000000F)
    Reset_Handler                            0x000000e1   Thumb Code     8  startup_lpc17xx.o(.text)
    NMI_Handler                              0x000000e9   Thumb Code     2  startup_lpc17xx.o(.text)
    HardFault_Handler                        0x000000eb   Thumb Code     2  startup_lpc17xx.o(.text)
    MemManage_Handler                        0x000000ed   Thumb Code     2  startup_lpc17xx.o(.text)
    BusFault_Handler                         0x000000ef   Thumb Code     2  startup_lpc17xx.o(.text)
    UsageFault_Handler                       0x000000f1   Thumb Code     2  startup_lpc17xx.o(.text)
    SVC_Handler                              0x000000f3   Thumb Code     2  startup_lpc17xx.o(.text)
    DebugMon_Handler                         0x000000f5   Thumb Code     2  startup_lpc17xx.o(.text)
    PendSV_Handler                           0x000000f7   Thumb Code     2  startup_lpc17xx.o(.text)
    ADC_IRQHandler                           0x000000fb   Thumb Code     0  startup_lpc17xx.o(.text)
    BOD_IRQHandler                           0x000000fb   Thumb Code     0  startup_lpc17xx.o(.text)
    CANActivity_IRQHandler                   0x000000fb   Thumb Code     0  startup_lpc17xx.o(.text)
    CAN_IRQHandler                           0x000000fb   Thumb Code     0  startup_lpc17xx.o(.text)
    DMA_IRQHandler                           0x000000fb   Thumb Code     0  startup_lpc17xx.o(.text)
    EINT0_IRQHandler                         0x000000fb   Thumb Code     0  startup_lpc17xx.o(.text)
    EINT1_IRQHandler                         0x000000fb   Thumb Code     0  startup_lpc17xx.o(.text)
    EINT2_IRQHandler                         0x000000fb   Thumb Code     0  startup_lpc17xx.o(.text)
    EINT3_IRQHandler                         0x000000fb   Thumb Code     0  startup_lpc17xx.o(.text)
    ENET_IRQHandler                          0x000000fb   Thumb Code     0  startup_lpc17xx.o(.text)
    I2C0_IRQHandler                          0x000000fb   Thumb Code     0  startup_lpc17xx.o(.text)
    I2C1_IRQHandler                          0x000000fb   Thumb Code     0  startup_lpc17xx.o(.text)
    I2C2_IRQHandler                          0x000000fb   Thumb Code     0  startup_lpc17xx.o(.text)
    I2S_IRQHandler                           0x000000fb   Thumb Code     0  startup_lpc17xx.o(.text)
    MCPWM_IRQHandler                         0x000000fb   Thumb Code     0  startup_lpc17xx.o(.text)
    PLL0_IRQHandler                          0x000000fb   Thumb Code     0  startup_lpc17xx.o(.text)
    PLL1_IRQHandler                          0x000000fb   Thumb Code     0  startup_lpc17xx.o(.text)
    PWM1_IRQHandler                          0x000000fb   Thumb Code     0  startup_lpc17xx.o(.text)
    QEI_IRQHandler                           0x000000fb   Thumb Code     0  startup_lpc17xx.o(.text)
    RIT_IRQHandler                           0x000000fb   Thumb Code     0  startup_lpc17xx.o(.text)
    RTC_IRQHandler                           0x000000fb   Thumb Code     0  startup_lpc17xx.o(.text)
    SPI_IRQHandler                           0x000000fb   Thumb Code     0  startup_lpc17xx.o(.text)
    SSP0_IRQHandler                          0x000000fb   Thumb Code     0  startup_lpc17xx.o(.text)
    SSP1_IRQHandler                          0x000000fb   Thumb Code     0  startup_lpc17xx.o(.text)
    TIMER1_IRQHandler                        0x000000fb   Thumb Code     0  startup_lpc17xx.o(.text)
    TIMER2_IRQHandler                        0x000000fb   Thumb Code     0  startup_lpc17xx.o(.text)
    TIMER3_IRQHandler                        0x000000fb   Thumb Code     0  startup_lpc17xx.o(.text)
    UART0_IRQHandler                         0x000000fb   Thumb Code     0  startup_lpc17xx.o(.text)
    UART1_IRQHandler                         0x000000fb   Thumb Code     0  startup_lpc17xx.o(.text)
    UART2_IRQHandler                         0x000000fb   Thumb Code     0  startup_lpc17xx.o(.text)
    UART3_IRQHandler                         0x000000fb   Thumb Code     0  startup_lpc17xx.o(.text)
    USBActivity_IRQHandler                   0x000000fb   Thumb Code     0  startup_lpc17xx.o(.text)
    WDT_IRQHandler                           0x000000fb   Thumb Code     0  startup_lpc17xx.o(.text)
    SysTick_Handler                          0x00000105   Thumb Code   108  irq.o(.text)
    LED_Init                                 0x00000181   Thumb Code    40  led.o(.text)
    LED_On                                   0x000001a9   Thumb Code    40  led.o(.text)
    LED_Off                                  0x000001d1   Thumb Code    40  led.o(.text)
    LED_Out                                  0x000001f9   Thumb Code    38  led.o(.text)
    KBD_Init                                 0x0000022d   Thumb Code    42  kbd.o(.text)
    KBD_get                                  0x00000257   Thumb Code    12  kbd.o(.text)
    get_button                               0x00000263   Thumb Code    20  kbd.o(.text)
    __aeabi_uldivmod                         0x00000289   Thumb Code    98  uldiv.o(.text)
    __scatterload_copy                       0x000002eb   Thumb Code    14  handlers.o(i.__scatterload_copy)
    __scatterload_null                       0x000002f9   Thumb Code     2  handlers.o(i.__scatterload_null)
    SystemCoreClockUpdate                    0x00000301   Thumb Code   408  system_lpc17xx.o(.text)
    SystemInit                               0x00000499   Thumb Code   314  system_lpc17xx.o(.text)
    SystemClockUpdate                        0x000005d3   Thumb Code   332  system_lpc17xx.o(.text)
    main_menu                                0x00000729   Thumb Code   394  blinky.o(.text)
    main                                     0x000008b3   Thumb Code    20  blinky.o(.text)
    GLCD_Init                                0x00000aed   Thumb Code  1506  glcd_spi_lpc1700.o(.text)
    GLCD_SetWindow                           0x000010cf   Thumb Code   168  glcd_spi_lpc1700.o(.text)
    GLCD_WindowMax                           0x00001177   Thumb Code    26  glcd_spi_lpc1700.o(.text)
    GLCD_PutPixel                            0x00001191   Thumb Code   118  glcd_spi_lpc1700.o(.text)
    GLCD_SetTextColor                        0x00001207   Thumb Code     6  glcd_spi_lpc1700.o(.text)
    GLCD_SetBackColor                        0x0000120d   Thumb Code     6  glcd_spi_lpc1700.o(.text)
    GLCD_Clear                               0x00001213   Thumb Code    42  glcd_spi_lpc1700.o(.text)
    GLCD_DrawChar                            0x0000123d   Thumb Code   150  glcd_spi_lpc1700.o(.text)
    GLCD_DisplayChar                         0x000012d3   Thumb Code    84  glcd_spi_lpc1700.o(.text)
    GLCD_DisplayString                       0x00001327   Thumb Code    40  glcd_spi_lpc1700.o(.text)
    GLCD_ClearLn                             0x0000134f   Thumb Code    94  glcd_spi_lpc1700.o(.text)
    GLCD_Bargraph                            0x000013ad   Thumb Code    98  glcd_spi_lpc1700.o(.text)
    GLCD_Bitmap                              0x0000140f   Thumb Code    82  glcd_spi_lpc1700.o(.text)
    GLCD_ScrollVertical                      0x00001461   Thumb Code     2  glcd_spi_lpc1700.o(.text)
    GLCD_WrCmd                               0x00001463   Thumb Code    12  glcd_spi_lpc1700.o(.text)
    GLCD_WrReg                               0x0000146f   Thumb Code    16  glcd_spi_lpc1700.o(.text)
    USB_ResetCore                            0x000014f1   Thumb Code    34  usbcore.o(.text)
    USB_SetupStage                           0x00001513   Thumb Code    12  usbcore.o(.text)
    USB_DataInStage                          0x0000151f   Thumb Code    52  usbcore.o(.text)
    USB_DataOutStage                         0x00001553   Thumb Code    34  usbcore.o(.text)
    USB_StatusInStage                        0x00001575   Thumb Code    14  usbcore.o(.text)
    USB_StatusOutStage                       0x00001583   Thumb Code    12  usbcore.o(.text)
    USB_EndPoint0                            0x0000158f   Thumb Code   786  usbcore.o(.text)
    get_potval                               0x000018cd   Thumb Code    58  usbdmain.o(.text)
    TIMER0_IRQHandler                        0x00001907   Thumb Code   292  usbdmain.o(.text)
    mp3_player                               0x00001a2b   Thumb Code   248  usbdmain.o(.text)
    EPAdr                                    0x00001bbd   Thumb Code    16  usbhw.o(.text)
    WrCmd                                    0x00001bcd   Thumb Code    30  usbhw.o(.text)
    WrCmdDat                                 0x00001beb   Thumb Code    58  usbhw.o(.text)
    WrCmdEP                                  0x00001c25   Thumb Code    78  usbhw.o(.text)
    RdCmdDat                                 0x00001c73   Thumb Code    38  usbhw.o(.text)
    USB_SetAddress                           0x00001c99   Thumb Code    42  usbhw.o(.text)
    USB_Reset                                0x00001cc3   Thumb Code   174  usbhw.o(.text)
    USB_Init                                 0x00001d71   Thumb Code   138  usbhw.o(.text)
    USB_Connect                              0x00001dfb   Thumb Code    28  usbhw.o(.text)
    USB_Suspend                              0x00001e17   Thumb Code     2  usbhw.o(.text)
    USB_Resume                               0x00001e19   Thumb Code     2  usbhw.o(.text)
    USB_WakeUp                               0x00001e1b   Thumb Code    22  usbhw.o(.text)
    USB_WakeUpCfg                            0x00001e31   Thumb Code     2  usbhw.o(.text)
    USB_Configure                            0x00001e33   Thumb Code    60  usbhw.o(.text)
    USB_ConfigEP                             0x00001e6f   Thumb Code    68  usbhw.o(.text)
    USB_DirCtrlEP                            0x00001eb3   Thumb Code     2  usbhw.o(.text)
    USB_EnableEP                             0x00001eb5   Thumb Code    26  usbhw.o(.text)
    USB_DisableEP                            0x00001ecf   Thumb Code    26  usbhw.o(.text)
    USB_ResetEP                              0x00001ee9   Thumb Code    26  usbhw.o(.text)
    USB_SetStallEP                           0x00001f03   Thumb Code    26  usbhw.o(.text)
    USB_ClrStallEP                           0x00001f1d   Thumb Code    26  usbhw.o(.text)
    USB_ClearEPBuf                           0x00001f37   Thumb Code    14  usbhw.o(.text)
    USB_ReadEP                               0x00001f45   Thumb Code    98  usbhw.o(.text)
    USB_WriteEP                              0x00001fa7   Thumb Code   148  usbhw.o(.text)
    USB_DMA_Setup                            0x0000203b   Thumb Code   248  usbhw.o(.text)
    USB_DMA_Enable                           0x00002133   Thumb Code    22  usbhw.o(.text)
    USB_DMA_Disable                          0x00002149   Thumb Code    22  usbhw.o(.text)
    USB_DMA_Status                           0x0000215f   Thumb Code    76  usbhw.o(.text)
    USB_DMA_BufAdr                           0x000021ab   Thumb Code    30  usbhw.o(.text)
    USB_DMA_BufCnt                           0x000021c9   Thumb Code    30  usbhw.o(.text)
    USB_GetFrame                             0x000021e7   Thumb Code    30  usbhw.o(.text)
    USB_IRQHandler                           0x00002205   Thumb Code   576  usbhw.o(.text)
    USB_Reset_Event                          0x00002445   Thumb Code     8  usbuser.o(.text)
    USB_SOF_Event                            0x0000244d   Thumb Code     2  usbuser.o(.text)
    USB_EndPoint1                            0x0000244f   Thumb Code     2  usbuser.o(.text)
    USB_EndPoint2                            0x00002451   Thumb Code     2  usbuser.o(.text)
    USB_EndPoint3                            0x00002453   Thumb Code   164  usbuser.o(.text)
    USB_EndPoint4                            0x000024f7   Thumb Code     2  usbuser.o(.text)
    USB_EndPoint5                            0x000024f9   Thumb Code     2  usbuser.o(.text)
    USB_EndPoint6                            0x000024fb   Thumb Code     2  usbuser.o(.text)
    USB_EndPoint7                            0x000024fd   Thumb Code     2  usbuser.o(.text)
    USB_EndPoint8                            0x000024ff   Thumb Code     2  usbuser.o(.text)
    USB_EndPoint9                            0x00002501   Thumb Code     2  usbuser.o(.text)
    USB_EndPoint10                           0x00002503   Thumb Code     2  usbuser.o(.text)
    USB_EndPoint11                           0x00002505   Thumb Code     2  usbuser.o(.text)
    USB_EndPoint12                           0x00002507   Thumb Code     2  usbuser.o(.text)
    USB_EndPoint13                           0x00002509   Thumb Code     2  usbuser.o(.text)
    USB_EndPoint14                           0x0000250b   Thumb Code     2  usbuser.o(.text)
    USB_EndPoint15                           0x0000250d   Thumb Code     2  usbuser.o(.text)
    ADC_IF_GetRequest                        0x00002525   Thumb Code   128  adcuser.o(.text)
    ADC_IF_SetRequest                        0x000025a5   Thumb Code    80  adcuser.o(.text)
    ADC_EP_GetRequest                        0x000025f5   Thumb Code     4  adcuser.o(.text)
    ADC_EP_SetRequest                        0x000025f9   Thumb Code     4  adcuser.o(.text)
    image_delay                              0x0000260d   Thumb Code    28  gallery.o(.text)
    gallery                                  0x00002629   Thumb Code   182  gallery.o(.text)
    delay                                    0x00002739   Thumb Code    22  game.o(.text)
    get_tube_height                          0x0000274f   Thumb Code    26  game.o(.text)
    draw_bird                                0x00002769   Thumb Code    34  game.o(.text)
    move_bird                                0x0000278b   Thumb Code    34  game.o(.text)
    create_new_tube                          0x000027ad   Thumb Code     6  game.o(.text)
    place_tube                               0x000027b3   Thumb Code    72  game.o(.text)
    move_tube                                0x000027fb   Thumb Code   124  game.o(.text)
    game_over                                0x00002877   Thumb Code   238  game.o(.text)
    game                                     0x00002965   Thumb Code   768  game.o(.text)
    start_flappy                             0x00002c65   Thumb Code    32  game.o(.text)
    cursor_delay                             0x00002c85   Thumb Code    22  tic_tac.o(.text)
    init_grid                                0x00002c9b   Thumb Code    40  tic_tac.o(.text)
    draw_symbol                              0x00002cc3   Thumb Code    52  tic_tac.o(.text)
    draw_rows                                0x00002cf7   Thumb Code    36  tic_tac.o(.text)
    draw_columns                             0x00002d1b   Thumb Code    48  tic_tac.o(.text)
    update_count                             0x00002d4b   Thumb Code    12  tic_tac.o(.text)
    update_board                             0x00002d57   Thumb Code   110  tic_tac.o(.text)
    move_cursor                              0x00002dc5   Thumb Code    50  tic_tac.o(.text)
    get_ln_pos                               0x00002df7   Thumb Code    24  tic_tac.o(.text)
    get_col_pos                              0x00002e0f   Thumb Code    24  tic_tac.o(.text)
    check_board                              0x00002e27   Thumb Code   248  tic_tac.o(.text)
    check_board_empty                        0x00002f1f   Thumb Code    46  tic_tac.o(.text)
    tic_tac_game_over                        0x00002f4d   Thumb Code   272  tic_tac.o(.text)
    tic_tac                                  0x0000305d   Thumb Code   484  tic_tac.o(.text)
    restart_tic_tac                          0x00003241   Thumb Code     8  tic_tac.o(.text)
    game_menu                                0x00003249   Thumb Code   346  game_menu.o(.text)
    restart_game_menu                        0x000033a3   Thumb Code    20  game_menu.o(.text)
    rand                                     0x00003429   Thumb Code    20  rand.o(.text)
    srand                                    0x0000343d   Thumb Code     6  rand.o(.text)
    __aeabi_uidiv                            0x0000344d   Thumb Code     0  uidiv.o(.text)
    __aeabi_uidivmod                         0x0000344d   Thumb Code    44  uidiv.o(.text)
    __aeabi_llsl                             0x00003479   Thumb Code    30  llshl.o(.text)
    _ll_shift_l                              0x00003479   Thumb Code     0  llshl.o(.text)
    __aeabi_llsr                             0x00003497   Thumb Code    32  llushr.o(.text)
    _ll_ushift_r                             0x00003497   Thumb Code     0  llushr.o(.text)
    __scatterload                            0x000034b9   Thumb Code    28  init.o(.text)
    __scatterload_rt2                        0x000034b9   Thumb Code     0  init.o(.text)
    USB_ReqGetDescriptor                     0x000034dd   Thumb Code   164  usbcore.o(i.USB_ReqGetDescriptor)
    USB_ReqGetStatus                         0x00003595   Thumb Code   160  usbcore.o(i.USB_ReqGetStatus)
    USB_ReqSetClrFeature                     0x00003655   Thumb Code   210  usbcore.o(i.USB_ReqSetClrFeature)
    USB_ReqSetConfiguration                  0x00003741   Thumb Code   402  usbcore.o(i.USB_ReqSetConfiguration)
    USB_ReqSetInterface                      0x000038f9   Thumb Code   278  usbcore.o(i.USB_ReqSetInterface)
    __0sprintf$1                             0x00003a29   Thumb Code    34  printf1.o(i.__0sprintf$1)
    __1sprintf$1                             0x00003a29   Thumb Code     0  printf1.o(i.__0sprintf$1)
    __2sprintf                               0x00003a29   Thumb Code     0  printf1.o(i.__0sprintf$1)
    __scatterload_zeroinit                   0x00003a51   Thumb Code    14  handlers.o(i.__scatterload_zeroinit)
    Font_6x8_h                               0x00003bbe   Data         896  glcd_spi_lpc1700.o(.constdata)
    Font_16x24_h                             0x00003f3e   Data        5376  glcd_spi_lpc1700.o(.constdata)
    led_mask                                 0x00005440   Data          32  led.o(.constdata)
    USB_DeviceDescriptor                     0x00005460   Data          18  usbdesc.o(.constdata)
    USB_ConfigDescriptor                     0x00005472   Data         110  usbdesc.o(.constdata)
    USB_StringDescriptor                     0x000054e0   Data         100  usbdesc.o(.constdata)
    DDAdr                                    0x0001e610   Data           8  usbhw.o(.constdata)
    DDSz                                     0x0001e618   Data           8  usbhw.o(.constdata)
    USB_P_EP                                 0x0001e620   Data          64  usbuser.o(.constdata)
    Region$$Table$$Base                      0x0003f6e8   Number         0  anon$$obj.o(Region$$Table)
    Region$$Table$$Limit                     0x0003f728   Number         0  anon$$obj.o(Region$$Table)
    SystemCoreClock                          0x10000000   Data           4  system_lpc17xx.o(.data)
    SystemFrequency                          0x10000004   Data           4  system_lpc17xx.o(.data)
    ticks                                    0x10000008   Data           4  irq.o(.data)
    ClockLEDOn                               0x1000000c   Data           1  irq.o(.data)
    ClockLEDOff                              0x1000000d   Data           1  irq.o(.data)
    ClockANI                                 0x1000000e   Data           1  irq.o(.data)
    USB_DeviceStatus                         0x10000010   Data           2  usbcore.o(.data)
    USB_DeviceAddress                        0x10000012   Data           1  usbcore.o(.data)
    USB_Configuration                        0x10000013   Data           1  usbcore.o(.data)
    USB_EndPointMask                         0x10000014   Data           4  usbcore.o(.data)
    USB_EndPointHalt                         0x10000018   Data           4  usbcore.o(.data)
    USB_EndPointStall                        0x1000001c   Data           4  usbcore.o(.data)
    USB_NumInterfaces                        0x10000020   Data           1  usbcore.o(.data)
    USB_AltSetting                           0x10000021   Data           4  usbcore.o(.data)
    EP0Data                                  0x10000028   Data           8  usbcore.o(.data)
    SetupPacket                              0x10000030   Data           8  usbcore.o(.data)
    DDMemMap                                 0x10000038   Data           8  usbhw.o(.data)
    EP0Buf                                   0x10000044   Data          64  usbcore.o(.bss)
    grid                                     0x10000084   Data          36  tic_tac.o(.bss)
    UDCA                                     0x100000a8   Data         128  usbhw.o(USB_RAM)
    DD_NISO_Mem                              0x10000128   Data         256  usbhw.o(USB_RAM)
    DD_ISO_Mem                               0x10000228   Data         160  usbhw.o(USB_RAM)
    loop_audio                               0x2007c008   Data           4  usbdmain.o(.data)
    Mute                                     0x2007c00c   Data           1  usbdmain.o(.data)
    Volume                                   0x2007c010   Data           4  usbdmain.o(.data)
    InfoBuf                                  0x2007c014   Data           4  usbdmain.o(.data)
    DataBuf                                  0x2007c018   Data           4  usbdmain.o(.data)
    DataOut                                  0x2007c01c   Data           2  usbdmain.o(.data)
    DataIn                                   0x2007c01e   Data           2  usbdmain.o(.data)
    DataRun                                  0x2007c020   Data           1  usbdmain.o(.data)
    PotVal                                   0x2007c022   Data           2  usbdmain.o(.data)
    VUM                                      0x2007c024   Data           4  usbdmain.o(.data)
    Tick                                     0x2007c028   Data           4  usbdmain.o(.data)
    VolCur                                   0x2007c02c   Data           2  adcuser.o(.data)
    joystick_sel                             0x2007c030   Data           4  game.o(.data)
    bird_ln                                  0x2007c034   Data           4  game.o(.data)
    bird_col                                 0x2007c038   Data           4  game.o(.data)
    tube_col                                 0x2007c03c   Data           4  game.o(.data)
    up_tube_ln                               0x2007c040   Data           4  game.o(.data)
    btm_tube_ln                              0x2007c044   Data           4  game.o(.data)
    tube_width                               0x2007c048   Data           4  game.o(.data)
    udca                                     0x2007c04c   Data         128  usbhw.o(.bss)
    __initial_sp                             0x2007c2d0   Data           0  startup_lpc17xx.o(STACK)



==============================================================================

Memory Map of the image

  Image Entry point : 0x000000cd

  Load Region LR_IROM1 (Base: 0x00000000, Size: 0x0003f7b8, Max: 0x00080000, ABSOLUTE)

    Execution Region ER_IROM1 (Exec base: 0x00000000, Load base: 0x00000000, Size: 0x0003f728, Max: 0x00080000, ABSOLUTE)

    Exec Addr    Load Addr    Size         Type   Attr      Idx    E Section Name        Object

    0x00000000   0x00000000   0x000000cc   Data   RO            3    RESET               startup_lpc17xx.o
    0x000000cc   0x000000cc   0x00000000   Code   RO          457  * .ARM.Collect$$$$00000000  mc_w.l(entry.o)
    0x000000cc   0x000000cc   0x00000004   Code   RO          726    .ARM.Collect$$$$00000001  mc_w.l(entry2.o)
    0x000000d0   0x000000d0   0x00000004   Code   RO          729    .ARM.Collect$$$$00000004  mc_w.l(entry5.o)
    0x000000d4   0x000000d4   0x00000000   Code   RO          731    .ARM.Collect$$$$00000008  mc_w.l(entry7b.o)
    0x000000d4   0x000000d4   0x00000000   Code   RO          733    .ARM.Collect$$$$0000000A  mc_w.l(entry8b.o)
    0x000000d4   0x000000d4   0x00000008   Code   RO          734    .ARM.Collect$$$$0000000B  mc_w.l(entry9a.o)
    0x000000dc   0x000000dc   0x00000000   Code   RO          736    .ARM.Collect$$$$0000000D  mc_w.l(entry10a.o)
    0x000000dc   0x000000dc   0x00000000   Code   RO          738    .ARM.Collect$$$$0000000F  mc_w.l(entry11a.o)
    0x000000dc   0x000000dc   0x00000004   Code   RO          727    .ARM.Collect$$$$00002712  mc_w.l(entry2.o)
    0x000000e0   0x000000e0   0x00000024   Code   RO            5    .text               startup_lpc17xx.o
    0x00000104   0x00000104   0x0000007c   Code   RO           86    .text               irq.o
    0x00000180   0x00000180   0x000000ac   Code   RO          126    .text               led.o
    0x0000022c   0x0000022c   0x0000005c   Code   RO          347    .text               kbd.o
    0x00000288   0x00000288   0x00000062   Code   RO          460    .text               mc_w.l(uldiv.o)
    0x000002ea   0x000002ea   0x0000000e   Code   RO          770    i.__scatterload_copy  mc_w.l(handlers.o)
    0x000002f8   0x000002f8   0x00000002   Code   RO          771    i.__scatterload_null  mc_w.l(handlers.o)
    0x000002fa   0x000002fa   0x00000002   PAD
    0x000002fc   0x000002fc   0x00000004   Code   RO            4    .ARM.__at_0x02FC    startup_lpc17xx.o
    0x00000300   0x00000300   0x00000428   Code   RO           13    .text               system_lpc17xx.o
    0x00000728   0x00000728   0x0000022c   Code   RO           51    .text               blinky.o
    0x00000954   0x00000954   0x00000b9c   Code   RO           98    .text               glcd_spi_lpc1700.o
    0x000014f0   0x000014f0   0x000003dc   Code   RO          151    .text               usbcore.o
    0x000018cc   0x000018cc   0x000002f0   Code   RO          247    .text               usbdmain.o
    0x00001bbc   0x00001bbc   0x00000888   Code   RO          281    .text               usbhw.o
    0x00002444   0x00002444   0x000000e0   Code   RO          305    .text               usbuser.o
    0x00002524   0x00002524   0x000000e8   Code   RO          327    .text               adcuser.o
    0x0000260c   0x0000260c   0x0000012c   Code   RO          365    .text               gallery.o
    0x00002738   0x00002738   0x0000054c   Code   RO          388    .text               game.o
    0x00002c84   0x00002c84   0x000005c4   Code   RO          410    .text               tic_tac.o
    0x00003248   0x00003248   0x000001e0   Code   RO          425    .text               game_menu.o
    0x00003428   0x00003428   0x00000024   Code   RO          462    .text               mc_w.l(rand.o)
    0x0000344c   0x0000344c   0x0000002c   Code   RO          743    .text               mc_w.l(uidiv.o)
    0x00003478   0x00003478   0x0000001e   Code   RO          745    .text               mc_w.l(llshl.o)
    0x00003496   0x00003496   0x00000020   Code   RO          747    .text               mc_w.l(llushr.o)
    0x000034b6   0x000034b6   0x00000002   PAD
    0x000034b8   0x000034b8   0x00000024   Code   RO          760    .text               mc_w.l(init.o)
    0x000034dc   0x000034dc   0x000000b8   Code   RO          176    i.USB_ReqGetDescriptor  usbcore.o
    0x00003594   0x00003594   0x000000c0   Code   RO          164    i.USB_ReqGetStatus  usbcore.o
    0x00003654   0x00003654   0x000000ec   Code   RO          170    i.USB_ReqSetClrFeature  usbcore.o
    0x00003740   0x00003740   0x000001b8   Code   RO          182    i.USB_ReqSetConfiguration  usbcore.o
    0x000038f8   0x000038f8   0x00000130   Code   RO          188    i.USB_ReqSetInterface  usbcore.o
    0x00003a28   0x00003a28   0x00000028   Code   RO          512    i.__0sprintf$1      mc_w.l(printf1.o)
    0x00003a50   0x00003a50   0x0000000e   Code   RO          772    i.__scatterload_zeroinit  mc_w.l(handlers.o)
    0x00003a5e   0x00003a5e   0x00000002   PAD
    0x00003a60   0x00003a60   0x00000154   Code   RO          517    i._printf_core      mc_w.l(printf1.o)
    0x00003bb4   0x00003bb4   0x0000000a   Code   RO          519    i._sputc            mc_w.l(printf1.o)
    0x00003bbe   0x00003bbe   0x00001880   Data   RO           99    .constdata          glcd_spi_lpc1700.o
    0x0000543e   0x0000543e   0x00000002   PAD
    0x00005440   0x00005440   0x00000020   Data   RO          127    .constdata          led.o
    0x00005460   0x00005460   0x000000e4   Data   RO          235    .constdata          usbdesc.o
    0x00005544   0x00005544   0x000190c9   Data   RO          248    .constdata          usbdmain.o
    0x0001e60d   0x0001e60d   0x00000003   PAD
    0x0001e610   0x0001e610   0x00000010   Data   RO          283    .constdata          usbhw.o
    0x0001e620   0x0001e620   0x00000040   Data   RO          306    .constdata          usbuser.o
    0x0001e660   0x0001e660   0x00021087   Data   RO          366    .constdata          gallery.o
    0x0003f6e7   0x0003f6e7   0x00000001   PAD
    0x0003f6e8   0x0003f6e8   0x00000040   Data   RO          768    Region$$Table       anon$$obj.o


    Execution Region RW_IRAM1 (Exec base: 0x10000000, Load base: 0x0003f728, Size: 0x000002c8, Max: 0x00008000, ABSOLUTE)

    Exec Addr    Load Addr    Size         Type   Attr      Idx    E Section Name        Object

    0x10000000   0x0003f728   0x00000008   Data   RW           14    .data               system_lpc17xx.o
    0x10000008   0x0003f730   0x00000007   Data   RW           87    .data               irq.o
    0x1000000f   0x0003f737   0x00000001   PAD
    0x10000010   0x0003f738   0x00000028   Data   RW          153    .data               usbcore.o
    0x10000038   0x0003f760   0x00000008   Data   RW          284    .data               usbhw.o
    0x10000040   0x0003f768   0x00000004   Data   RW          463    .data               mc_w.l(rand.o)
    0x10000044        -       0x00000040   Zero   RW          152    .bss                usbcore.o
    0x10000084        -       0x00000024   Zero   RW          411    .bss                tic_tac.o
    0x100000a8        -       0x00000220   Zero   RW          285    USB_RAM             usbhw.o


    Execution Region RW_IRAM2 (Exec base: 0x2007c000, Load base: 0x0003f76c, Size: 0x000002d0, Max: 0x00008000, ABSOLUTE)

    Exec Addr    Load Addr    Size         Type   Attr      Idx    E Section Name        Object

    0x2007c000   0x0003f76c   0x00000005   Data   RW          100    .data               glcd_spi_lpc1700.o
    0x2007c005   0x0003f771   0x00000003   PAD
    0x2007c008   0x0003f774   0x00000024   Data   RW          249    .data               usbdmain.o
    0x2007c02c   0x0003f798   0x00000002   Data   RW          329    .data               adcuser.o
    0x2007c02e   0x0003f79a   0x00000002   PAD
    0x2007c030   0x0003f79c   0x0000001c   Data   RW          389    .data               game.o
    0x2007c04c        -       0x00000080   Zero   RW          282    .bss                usbhw.o
    0x2007c0cc   0x0003f7b8   0x00000004   PAD
    0x2007c0d0        -       0x00000200   Zero   RW            1    STACK               startup_lpc17xx.o


==============================================================================

Image component sizes


      Code (inc. data)   RO Data    RW Data    ZI Data      Debug   Object Name

       232         16          0          2          0       1596   adcuser.o
       556        142          0          0          0        817   blinky.o
       300         90     135303          0          0       2170   gallery.o
      1356        132          0         28          0       4016   game.o
       480        114          0          0          0        866   game_menu.o
      2972         52       6272          5          0       9360   glcd_spi_lpc1700.o
       124         16          0          7          0        726   irq.o
        92         18          0          0          0        746   kbd.o
       172         14         32          0          0       1365   led.o
        40         12        204          0        512        944   startup_lpc17xx.o
      1064         42          0          8          0      20943   system_lpc17xx.o
      1476        196          0          0         36       5268   tic_tac.o
      2344        206          0         40         64      13719   usbcore.o
         0          0        228          0          0        617   usbdesc.o
       752        136     102601         36          0       7526   usbdmain.o
      2184        140         16          8        672      13371   usbhw.o
       224         22         64          0          0       3211   usbuser.o

    ----------------------------------------------------------------------
     14368       1348     244790        140       1288      87261   Object Totals
         0          0         64          0          0          0   (incl. Generated)
         0          0          6          6          4          0   (incl. Padding)

    ----------------------------------------------------------------------

      Code (inc. data)   RO Data    RW Data    ZI Data      Debug   Library Member Name

         0          0          0          0          0          0   entry.o
         0          0          0          0          0          0   entry10a.o
         0          0          0          0          0          0   entry11a.o
         8          4          0          0          0          0   entry2.o
         4          0          0          0          0          0   entry5.o
         0          0          0          0          0          0   entry7b.o
         0          0          0          0          0          0   entry8b.o
         8          4          0          0          0          0   entry9a.o
        30          0          0          0          0          0   handlers.o
        36          8          0          0          0         68   init.o
        30          0          0          0          0         68   llshl.o
        32          0          0          0          0         68   llushr.o
       390         10          0          0          0        252   printf1.o
        36         10          0          4          0        136   rand.o
        44          0          0          0          0         80   uidiv.o
        98          0          0          0          0         92   uldiv.o

    ----------------------------------------------------------------------
       722         36          0          4          0        764   Library Totals
         6          0          0          0          0          0   (incl. Padding)

    ----------------------------------------------------------------------

      Code (inc. data)   RO Data    RW Data    ZI Data      Debug   Library Name

       716         36          0          4          0        764   mc_w.l

    ----------------------------------------------------------------------
       722         36          0          4          0        764   Library Totals

    ----------------------------------------------------------------------

==============================================================================


      Code (inc. data)   RO Data    RW Data    ZI Data      Debug   

     15090       1384     244790        144       1288      86201   Grand Totals
     15090       1384     244790        144       1288      86201   ELF Image Totals
     15090       1384     244790        144          0          0   ROM Totals

==============================================================================

    Total RO  Size (Code + RO Data)               259880 ( 253.79kB)
    Total RW  Size (RW Data + ZI Data)              1432 (   1.40kB)
    Total ROM Size (Code + RO Data + RW Data)     260024 ( 253.93kB)

==============================================================================

